[themezhub.net/workoo-live/workoo/freelancer-1.html]
[backblue.gif]
[fade.gif]
[index.html]
[themezhub.net/workoo-live/workoo/assets/css/plugins.css]
[themezhub.net/workoo-live/workoo/assets/css/styles.css]
[themezhub.net/workoo-live/workoo/assets/img/logo.png]
[themezhub.net/workoo-live/workoo/index.html]
[themezhub.net/workoo-live/workoo/home-2.html]
[themezhub.net/workoo-live/workoo/home-3.html]
[themezhub.net/workoo-live/workoo/home-4.html]
[themezhub.net/workoo-live/workoo/home-5.html]
[themezhub.net/workoo-live/workoo/home-6.html]
[themezhub.net/workoo-live/workoo/freelancer-2.html]
[themezhub.net/workoo-live/workoo/freelancer-3.html]
[themezhub.net/workoo-live/workoo/freelancer-4.html]
[themezhub.net/workoo-live/workoo/search-job-grid-1.html]
[themezhub.net/workoo-live/workoo/search-job-grid-2.html]
[themezhub.net/workoo-live/workoo/search-job-grid-3.html]
[themezhub.net/workoo-live/workoo/search-job-list-1.html]
[themezhub.net/workoo-live/workoo/search-job-list-2.html]
[themezhub.net/workoo-live/workoo/search-services.html]
[themezhub.net/workoo-live/workoo/search-services-grid-2.html]
[themezhub.net/workoo-live/workoo/search-services-list.html]
[themezhub.net/workoo-live/workoo/search-freelancers.html]
[themezhub.net/workoo-live/workoo/search-freelancers-grid-2.html]
[themezhub.net/workoo-live/workoo/search-freelancers-list.html]
[themezhub.net/workoo-live/workoo/freelancer-detail.html]
[themezhub.net/workoo-live/workoo/search-candidates.html]
[themezhub.net/workoo-live/workoo/search-candidates-list.html]
[themezhub.net/workoo-live/workoo/candidate-detail.html]
[themezhub.net/workoo-live/workoo/search-employers.html]
[themezhub.net/workoo-live/workoo/search-employers-list.html]
[themezhub.net/workoo-live/workoo/employer-detail.html]
[themezhub.net/workoo-live/workoo/job-detail-1.html]
[themezhub.net/workoo-live/workoo/job-detail-2.html]
[themezhub.net/workoo-live/workoo/job-detail-3.html]
[themezhub.net/workoo-live/workoo/service-detail.html]
[themezhub.net/workoo-live/workoo/project-detail.html]
[themezhub.net/workoo-live/workoo/advance-search-1.html]
[themezhub.net/workoo-live/workoo/advance-search-2.html]
[themezhub.net/workoo-live/workoo/dashboard.html]
[themezhub.net/workoo-live/workoo/about-us.html]
[themezhub.net/workoo-live/workoo/blog.html]
[themezhub.net/workoo-live/workoo/blog-detail.html]
[themezhub.net/workoo-live/workoo/pricing.html]
[themezhub.net/workoo-live/workoo/contact.html]
[themezhub.net/workoo-live/workoo/components.html]
[themezhub.net/workoo-live/workoo/faq.html]
[themezhub.net/workoo-live/workoo/checkout.html]
[themezhub.net/workoo-live/workoo/assets/img/bg2.png]
[themezhub.net/workoo-live/workoo/search-job.html]
[themezhub.net/workoo-live/workoo/assets/img/side-img.png]
[themezhub.net/workoo-live/workoo/assets/img/airbnb.png]
[themezhub.net/workoo-live/workoo/assets/img/amazon.png]
[themezhub.net/workoo-live/workoo/assets/img/googl.png]
[themezhub.net/workoo-live/workoo/assets/img/lenovo.png]
[themezhub.net/workoo-live/workoo/assets/img/pp.png]
[themezhub.net/workoo-live/workoo/assets/img/samsung.png]
[themezhub.net/workoo-live/workoo/assets/img/slack.png]
[themezhub.net/workoo-live/workoo/assets/img/spotify.png]
[themezhub.net/workoo-live/workoo/search.html]
[themezhub.net/workoo-live/workoo/assets/img/c-1.png]
[themezhub.net/workoo-live/workoo/job-detail.html]
[themezhub.net/workoo-live/workoo/assets/img/job-featured.png]
[themezhub.net/workoo-live/workoo/assets/img/c-2.png]
[themezhub.net/workoo-live/workoo/assets/img/c-3.png]
[themezhub.net/workoo-live/workoo/assets/img/c-4.png]
[themezhub.net/workoo-live/workoo/assets/img/c-5.png]
[themezhub.net/workoo-live/workoo/assets/img/c-6.png]
[themezhub.net/workoo-live/workoo/assets/img/c-8.png]
[themezhub.net/workoo-live/workoo/assets/img/c-9.png]
[themezhub.net/workoo-live/workoo/assets/img/edu_2.png]
[themezhub.net/workoo-live/workoo/assets/img/app.png]
[themezhub.net/workoo-live/workoo/assets/img/banner-tag.jpg]
[themezhub.net/workoo-live/workoo/assets/img/co-2.jpg]
[themezhub.net/workoo-live/workoo/assets/img/team-1.jpg]
[themezhub.net/workoo-live/workoo/assets/img/verify.svg]
[themezhub.net/workoo-live/workoo/author-detail.html]
[themezhub.net/workoo-live/workoo/assets/img/co-3.jpg]
[themezhub.net/workoo-live/workoo/assets/img/team-5.jpg]
[themezhub.net/workoo-live/workoo/assets/img/co-4.jpg]
[themezhub.net/workoo-live/workoo/assets/img/team-4.jpg]
[themezhub.net/workoo-live/workoo/assets/img/co-5.jpg]
[themezhub.net/workoo-live/workoo/assets/img/team-3.jpg]
[themezhub.net/workoo-live/workoo/assets/img/co-6.jpg]
[themezhub.net/workoo-live/workoo/assets/img/team-2.jpg]
[themezhub.net/workoo-live/workoo/assets/img/co-7.jpg]
[themezhub.net/workoo-live/workoo/assets/img/r-1.jpg]
[themezhub.net/workoo-live/workoo/assets/img/r-2.jpg]
[themezhub.net/workoo-live/workoo/assets/img/r-3.jpg]
[themezhub.net/workoo-live/workoo/assets/img/r-4.jpg]
[themezhub.net/workoo-live/workoo/assets/img/b-1.jpg]
[themezhub.net/workoo-live/workoo/assets/img/b-2.jpg]
[themezhub.net/workoo-live/workoo/assets/img/b-3.jpg]
[themezhub.net/workoo-live/workoo/assets/img/landing-bg.png]
[themezhub.net/workoo-live/workoo/assets/img/logo-light.png]
[themezhub.net/workoo-live/workoo/assets/js/jquery.min.js]
[themezhub.net/workoo-live/workoo/assets/js/popper.min.js]
[themezhub.net/workoo-live/workoo/assets/js/bootstrap.min.js]
[themezhub.net/workoo-live/workoo/assets/js/select2.min.js]
[themezhub.net/workoo-live/workoo/assets/js/owl.carousel.min.js]
[themezhub.net/workoo-live/workoo/assets/js/ion.rangeSlider.min.js]
[themezhub.net/workoo-live/workoo/assets/js/counterup.min.js]
[themezhub.net/workoo-live/workoo/assets/js/materialize.min.js]
[themezhub.net/workoo-live/workoo/assets/js/metisMenu.min.js]
[themezhub.net/workoo-live/workoo/assets/js/custom.js]
[themezhub.net/workoo-live/workoo/freelancer-1.html]
[themezhub.net/workoo-live/workoo/assets/fonts/themify9f24.eot]
[themezhub.net/workoo-live/workoo/assets/fonts/themifyd41d.eot]
[themezhub.net/workoo-live/workoo/assets/fonts/themify9f24.woff]
[themezhub.net/workoo-live/workoo/assets/fonts/themify9f24.ttf]
[themezhub.net/workoo-live/workoo/assets/fonts/themify9f24.svg]
[themezhub.net/workoo-live/workoo/assets/css/owl.video.play.png]
[themezhub.net/workoo-live/workoo/assets/fonts/fontawesome-webfont78ce.eot]
[themezhub.net/workoo-live/workoo/assets/fonts/fontawesome-webfontd41d.eot]
[themezhub.net/workoo-live/workoo/assets/fonts/fontawesome-webfont78ce.woff]
[themezhub.net/workoo-live/workoo/assets/fonts/fontawesome-webfont78ce.ttf]
[themezhub.net/workoo-live/workoo/assets/fonts/fontawesome-webfont78ce.svg]
[themezhub.net/workoo-live/workoo/assets/fonts/icofont.woff2]
[themezhub.net/workoo-live/workoo/assets/fonts/icofont.woff]
[themezhub.net/workoo-live/workoo/assets/fonts/LineIcons5594.eot]
[themezhub.net/workoo-live/workoo/assets/fonts/LineIcons5594.woff]
[themezhub.net/workoo-live/workoo/assets/fonts/LineIcons5594.ttf]
[themezhub.net/workoo-live/workoo/assets/css/plugins.css]
[themezhub.net/workoo-live/workoo/assets/img/loader.gif]
[themezhub.net/workoo-live/workoo/assets/fonts/LineIcons5594.svg]
[themezhub.net/workoo-live/workoo/assets/img/frc-wrap.png]
[themezhub.net/workoo-live/workoo/assets/css/styles.css]
[themezhub.net/workoo-live/workoo/assets/img/a-2.png]
[themezhub.net/workoo-live/workoo/assets/img/c-7.png]
[themezhub.net/workoo-live/workoo/assets/img/author.png]
[themezhub.net/workoo-live/workoo/index.html]
[themezhub.net/workoo-live/workoo/assets/img/banner-3.jpg]
[themezhub.net/workoo-live/workoo/assets/img/step-1.png]
[themezhub.net/workoo-live/workoo/assets/img/step-2.png]
[themezhub.net/workoo-live/workoo/assets/img/step-3.png]
[themezhub.net/workoo-live/workoo/home-2.html]
[themezhub.net/workoo-live/workoo/assets/img/bgbanner-3.png]
[themezhub.net/workoo-live/workoo/home-3.html]
[themezhub.net/workoo-live/workoo/assets/img/banner-4.jpg]
[themezhub.net/workoo-live/workoo/assets/img/banner.gif]
[themezhub.net/workoo-live/workoo/home-4.html]
[themezhub.net/workoo-live/workoo/assets/img/bgdark2.png]
[themezhub.net/workoo-live/workoo/assets/img/side-men.png]
[themezhub.net/workoo-live/workoo/home-5.html]
[themezhub.net/workoo-live/workoo/home-6.html]
[themezhub.net/workoo-live/workoo/assets/img/c-10.png]
[themezhub.net/workoo-live/workoo/freelancer-2.html]
[themezhub.net/workoo-live/workoo/freelancer-3.html]
[themezhub.net/workoo-live/workoo/freelancer-4.html]
[themezhub.net/workoo-live/workoo/assets/img/c-11.png]
[themezhub.net/workoo-live/workoo/assets/img/c-12.png]
[themezhub.net/workoo-live/workoo/search-job-grid-1.html]
[themezhub.net/workoo-live/workoo/search-job-grid-2.html]
[themezhub.net/workoo-live/workoo/search-job-grid-3.html]
[themezhub.net/workoo-live/workoo/search-job-list-1.html]
[themezhub.net/workoo-live/workoo/search-job-list-2.html]
[themezhub.net/workoo-live/workoo/search-services.html]
[themezhub.net/workoo-live/workoo/search-services-grid-2.html active]
[themezhub.net/workoo-live/workoo/search-services-grid-2.html]
[themezhub.net/workoo-live/workoo/search-services-list.html]
[themezhub.net/workoo-live/workoo/search-freelancers.html]
[themezhub.net/workoo-live/workoo/search-freelancers-grid-2.html]
[themezhub.net/workoo-live/workoo/search-freelancers-list.html]
[themezhub.net/workoo-live/workoo/assets/img/bn-2.jpg]
[themezhub.net/workoo-live/workoo/assets/img/avater.jpg]
[themezhub.net/workoo-live/workoo/freelancer-detail.html]
[themezhub.net/workoo-live/workoo/search-candidates.html]
[themezhub.net/workoo-live/workoo/search-candidates-list.html]
[themezhub.net/workoo-live/workoo/candidate-detail.html]
[themezhub.net/workoo-live/workoo/search-employers.html]
[themezhub.net/workoo-live/workoo/search-employers-list.html]
[themezhub.net/workoo-live/workoo/assets/img/bn-1.jpg]
[themezhub.net/workoo-live/workoo/employer-detail.html]
[themezhub.net/workoo-live/workoo/job-detail-1.html]
[themezhub.net/workoo-live/workoo/assets/img/freelancer.jpg]
[themezhub.net/workoo-live/workoo/job-detail-2.html]
[themezhub.net/workoo-live/workoo/job-detail-3.html]
[themezhub.net/workoo-live/workoo/assets/img/pdf.png]
[themezhub.net/workoo-live/workoo/assets/img/word.png]
[themezhub.net/workoo-live/workoo/assets/img/picture.png]
[themezhub.net/workoo-live/workoo/assets/img/txt-file.png]
[themezhub.net/workoo-live/workoo/service-detail.html]
[themezhub.net/workoo-live/workoo/project-detail.html]
[themezhub.net/workoo-live/workoo/advance-search-1.html]
[themezhub.net/workoo-live/workoo/advance-search-2.html]
[themezhub.net/workoo-live/workoo/my-profile.html]
[themezhub.net/workoo-live/workoo/messages.html]
[themezhub.net/workoo-live/workoo/bookmark-jobs.html]
[themezhub.net/workoo-live/workoo/bookmark-candidates.html]
[themezhub.net/workoo-live/workoo/bookmark-freelancers.html]
[themezhub.net/workoo-live/workoo/bookmark-employers.html]
[themezhub.net/workoo-live/workoo/reviews.html]
[themezhub.net/workoo-live/workoo/manage-jobs.html]
[themezhub.net/workoo-live/workoo/manage-candidates.html]
[themezhub.net/workoo-live/workoo/manage-freelancers.html]
[themezhub.net/workoo-live/workoo/manage-employers.html]
[themezhub.net/workoo-live/workoo/create-reume.html]
[themezhub.net/workoo-live/workoo/post-job.html]
[themezhub.net/workoo-live/workoo/manage-task.html]
[themezhub.net/workoo-live/workoo/manage-bidders.html]
[themezhub.net/workoo-live/workoo/active-bids.html]
[themezhub.net/workoo-live/workoo/post-task.html]
[themezhub.net/workoo-live/workoo/dashboard-invoice.html]
[themezhub.net/workoo-live/workoo/dashboard.html]
[themezhub.net/workoo-live/workoo/assets/img/about-bg.jpg]
[themezhub.net/workoo-live/workoo/assets/img/about.png]
[themezhub.net/workoo-live/workoo/about-us.html]
[themezhub.net/workoo-live/workoo/blog.html]
[themezhub.net/workoo-live/workoo/assets/img/b-5.jpg]
[themezhub.net/workoo-live/workoo/blog-detail.html]
[themezhub.net/workoo-live/workoo/pricing.html]
[themezhub.net/workoo-live/workoo/contact.html]
[themezhub.net/workoo-live/workoo/components.html]
[themezhub.net/workoo-live/workoo/faq.html]
[themezhub.net/workoo-live/workoo/assets/img/email.svg]
[themezhub.net/workoo-live/workoo/assets/img/paypal.png]
[themezhub.net/workoo-live/workoo/assets/img/strip.png]
[themezhub.net/workoo-live/workoo/assets/img/debit.png]
[themezhub.net/workoo-live/workoo/checkout.html]
[themezhub.net/workoo-live/workoo/search-job.html]
[themezhub.net/workoo-live/workoo/search.html]
[themezhub.net/workoo-live/workoo/job-detail.html]
[themezhub.net/workoo-live/workoo/assets/img/verify.svg]
[themezhub.net/workoo-live/workoo/author-detail.html]
[themezhub.net/workoo-live/workoo/assets/js/jquery.min.js]
[themezhub.net/workoo-live/workoo/assets/js/popper.min.js]
[themezhub.net/workoo-live/workoo/popper.js]
[themezhub.net/workoo-live/workoo/assets/js/bootstrap.min.js]
[themezhub.net/workoo-live/workoo/assets/js/select2.min.js]
[themezhub.net/workoo-live/workoo/assets/js/owl.carousel.min.js]
[themezhub.net/workoo-live/workoo/assets/js/ion.rangeSlider.min.js]
[themezhub.net/workoo-live/workoo/assets/js/counterup.min.js]
[themezhub.net/workoo-live/workoo/picker.js]
[themezhub.net/workoo-live/workoo/assets/js/materialize.min.js]
[themezhub.net/workoo-live/workoo/assets/js/metisMenu.min.js]
[themezhub.net/workoo-live/workoo/assets/js/custom.js]
[themezhub.net/workoo-live/workoo/assets/fonts/themify9f24.svg]
[themezhub.net/workoo-live/workoo/assets/css/owl.video.play.html]
[themezhub.net/workoo-live/workoo/assets/fonts/fontawesome-webfont78ce.svg]
[themezhub.net/workoo-live/workoo/assets/fonts/LineIcons5594.svg]
[themezhub.net/workoo-live/workoo/search-services-grid-3.html]
[themezhub.net/workoo-live/workoo/my-profile.html]
[themezhub.net/workoo-live/workoo/messages.html]
[themezhub.net/workoo-live/workoo/bookmark-jobs.html]
[themezhub.net/workoo-live/workoo/assets/css/metisMenu.css]
[themezhub.net/workoo-live/workoo/bookmark-candidates.html]
[themezhub.net/workoo-live/workoo/bookmark-freelancers.html]
[themezhub.net/workoo-live/workoo/bookmark-employers.html]
[themezhub.net/workoo-live/workoo/reviews.html]
[themezhub.net/workoo-live/workoo/manage-jobs.html]
[themezhub.net/workoo-live/workoo/assets/img/india.svg]
[themezhub.net/workoo-live/workoo/assets/img/south-africa.svg]
[themezhub.net/workoo-live/workoo/assets/img/united-kingdom.svg]
[themezhub.net/workoo-live/workoo/assets/img/canada.svg]
[themezhub.net/workoo-live/workoo/assets/img/australia.svg]
[themezhub.net/workoo-live/workoo/assets/img/china.svg]
[themezhub.net/workoo-live/workoo/manage-candidates.html]
[themezhub.net/workoo-live/workoo/manage-freelancers.html]
[themezhub.net/workoo-live/workoo/manage-employers.html]
[themezhub.net/workoo-live/workoo/create-reume.html]
[themezhub.net/workoo-live/workoo/post-job.html]
[themezhub.net/workoo-live/workoo/manage-task.html]
[themezhub.net/workoo-live/workoo/manage-bidders.html]
[themezhub.net/workoo-live/workoo/active-bids.html]
[themezhub.net/workoo-live/workoo/post-task.html]
[themezhub.net/workoo-live/workoo/dashboard-invoice.html]
[themezhub.net/workoo-live/workoo/assets/img/email.svg]
[themezhub.net/workoo-live/workoo/popper.html]
[themezhub.net/workoo-live/workoo/picker.html]
[themezhub.net/workoo-live/workoo/assets/css/metisMenu.html]
[themezhub.net/workoo-live/workoo/assets/img/india.svg]
[themezhub.net/workoo-live/workoo/assets/img/south-africa.svg]
[themezhub.net/workoo-live/workoo/assets/img/united-kingdom.svg]
[themezhub.net/workoo-live/workoo/assets/img/canada.svg]
[themezhub.net/workoo-live/workoo/assets/img/australia.svg]
[themezhub.net/workoo-live/workoo/assets/img/china.svg]
